===== 2026-05-04 18:55:48 EDT =====
  reuters-travel: +1
  capa: +0
  company-dime: +0
  aircurrent: +0
  phocuswire: +0
  travolution: +0
  ttgasia: +0
  bloomberg-travel: +2
  hospitality-net: +0
  hotelnewsnow: +0
  information-travel: +0
  cnbc-travel: +2
  techcrunch-travel: +0
  cna: +3
  straits-times: +0
  dealstreet-asia: +0
  ft-travel: +1
  wsj-travel: +1
  skift: +0
  webintravel: +0
  traveldailymedia: +0
  atw: +0
  arabian-business: +19
  menabytes: +0
  hotelier-me: +0
  economictimes: +0
  livemint: +1
  techinasia: +6
  nikkei-asia: +0
  khaleej-times: +8
  thenational: +0
  arab-news: +0
  saudi-gazette: +0
Ingest total: +44
Heuristic-tagged: 44
Tagged: 0 / 0
Companies updated for 7 articles
Re-scored 51 articles
